2026-07-20 19:49:49.613 [info] Reading sessions from keychain...
2026-07-20 19:49:49.613 [info] Getting sessions for all scopes...
2026-07-20 19:49:49.613 [info] Got 0 sessions for ...
2026-07-20 19:49:49.613 [info] Getting sessions for all scopes...
2026-07-20 19:49:49.613 [info] Got 0 sessions for ...
2026-07-20 19:49:49.613 [info] Getting sessions for all scopes...
2026-07-20 19:49:49.613 [info] Got 0 sessions for ...
2026-07-20 19:49:49.922 [info] Getting sessions for all scopes...
2026-07-20 19:49:49.922 [info] Got 0 sessions for ...
2026-07-20 20:26:47.817 [info] Getting sessions for read:user,repo,user:email,workflow...
2026-07-20 20:26:47.817 [info] Got 0 sessions for read:user,repo,user:email,workflow...
2026-07-20 20:26:49.652 [info] Logging in with 'any' account...
2026-07-20 20:26:49.652 [info] Logging in for the following scopes: read:user repo user:email workflow
2026-07-20 20:26:49.771 [info] Trying device code flow... (read:user repo user:email workflow)
2026-07-20 20:27:19.539 [info] Getting user info...
2026-07-20 20:27:19.804 [info] Got account info!
2026-07-20 20:27:19.805 [info] Storing 1 sessions...
2026-07-20 20:27:19.870 [info] Reading sessions from keychain...
2026-07-20 20:27:19.870 [info] Stored 1 sessions!
2026-07-20 20:27:19.870 [info] Login success!
2026-07-20 20:27:19.944 [info] Got stored sessions!
2026-07-20 20:27:19.945 [info] Got 1 verified sessions.
2026-07-20 20:27:21.705 [info] Getting sessions for all scopes...
2026-07-20 20:27:21.705 [info] Got 1 sessions for ...
2026-07-20 20:27:21.761 [info] Getting sessions for all scopes...
2026-07-20 20:27:21.761 [info] Got 1 sessions for ...
2026-07-20 20:30:12.370 [info] Getting sessions for read:user,repo,user:email,workflow...
2026-07-20 20:30:12.370 [info] Got 1 sessions for read:user,repo,user:email,workflow...
2026-07-20 20:30:13.808 [info] Getting sessions for read:user,repo,user:email,workflow...
2026-07-20 20:30:13.808 [info] Got 1 sessions for read:user,repo,user:email,workflow...
