2026-07-20 21:03:20.443 [info] [main] Log level: Info
2026-07-20 21:03:20.443 [info] [main] Validating found git in: "git"
2026-07-20 21:03:20.443 [info] [main] Using git "2.43.0" from "git"
2026-07-20 21:03:20.443 [info] [Model][doInitialScan] Initial repository scan started
2026-07-20 21:03:20.443 [info] > git rev-parse --show-toplevel [24ms]
2026-07-20 21:03:20.444 [info] > git rev-parse --git-dir --git-common-dir --show-superproject-working-tree [12ms]
2026-07-20 21:03:21.679 [info] [Model][openRepository] Opened repository (path): /home/cleanskiier27
2026-07-20 21:03:21.679 [info] [Model][openRepository] Opened repository (real path): /home/cleanskiier27
2026-07-20 21:03:21.679 [info] [Model][openRepository] Opened repository (kind): repository
2026-07-20 21:03:21.905 [info] > git rev-parse --show-toplevel [69ms]
2026-07-20 21:03:21.910 [info] > git config --get commit.template [90ms]
2026-07-20 21:03:22.046 [info] > git rev-parse --show-toplevel [83ms]
2026-07-20 21:03:22.564 [info] > git for-each-ref --format=%(refname)%00%(upstream:short)%00%(objectname)%00%(upstream:track)%00%(upstream:remotename)%00%(upstream:remoteref) refs/heads/main refs/remotes/main [529ms]
2026-07-20 21:03:25.483 [info] > git status -z -uall [2909ms]
2026-07-20 21:03:25.484 [info] > git for-each-ref --sort -committerdate --format %(refname)%00%(objectname)%00%(*objectname) [2897ms]
2026-07-20 21:03:25.485 [info] > git rev-parse --show-toplevel [3422ms]
2026-07-20 21:03:25.820 [info] > git check-ignore -v -z --stdin [324ms]
2026-07-20 21:03:25.830 [info] > git for-each-ref --format=%(refname)%00%(upstream:short)%00%(objectname)%00%(upstream:track)%00%(upstream:remotename)%00%(upstream:remoteref) refs/heads/main refs/remotes/main [161ms]
2026-07-20 21:03:25.849 [info] > git rev-parse --show-toplevel [299ms]
2026-07-20 21:03:25.982 [info] > git config --get --local branch.main.vscode-merge-base [134ms]
2026-07-20 21:03:25.983 [warning] [Git][config] git config failed: Failed to execute git
2026-07-20 21:03:25.991 [info] > git config --get commit.template [263ms]
2026-07-20 21:03:26.008 [info] > git rev-parse --show-toplevel [96ms]
2026-07-20 21:03:26.051 [info] > git reflog main --grep-reflog=branch: Created from *. [60ms]
2026-07-20 21:03:26.222 [info] > git symbolic-ref --short refs/remotes/origin/HEAD [164ms]
2026-07-20 21:03:26.222 [info] fatal: ref refs/remotes/origin/HEAD is not a symbolic ref
2026-07-20 21:03:26.225 [warning] [Repository][getDefaultBranch] Failed to get default branch details: Failed to execute git.
2026-07-20 21:03:26.227 [info] > git rev-parse --show-toplevel [179ms]
2026-07-20 21:03:26.227 [info] > git for-each-ref --format=%(refname)%00%(upstream:short)%00%(objectname)%00%(upstream:track)%00%(upstream:remotename)%00%(upstream:remoteref) refs/heads/main refs/remotes/main [190ms]
2026-07-20 21:03:26.357 [info] > git status -z -uall [110ms]
2026-07-20 21:03:26.358 [info] > git rev-parse --show-toplevel [45ms]
2026-07-20 21:03:26.363 [info] [Model][doInitialScan] Initial repository scan completed - repositories (1), closed repositories (0), parent repositories (0), unsafe repositories (0)
2026-07-20 21:03:26.402 [info] > git for-each-ref --sort -committerdate --format %(refname)%00%(objectname)%00%(*objectname) [139ms]
2026-07-20 21:03:26.428 [info] > git show --textconv HEAD:.codeoss/data/logs/20260720T194917/exthost2/vscode.git/Git.log [42ms]
2026-07-20 21:03:26.429 [info] > git ls-tree -l HEAD -- .codeoss/data/logs/20260720T194917/exthost2/vscode.git/Git.log [28ms]
2026-07-20 21:03:26.656 [info] > git ls-tree -l HEAD -- .codeoss/data/logs/20260720T194917/exthost2/vscode.git/Git.log [20ms]
2026-07-20 21:03:27.137 [info] > git blame --root --incremental 2ab827671a35e3f12d4dc98fc6d0c6be7ec937bd -- .codeoss/data/logs/20260720T194917/exthost2/vscode.git/Git.log [30ms]
2026-07-20 21:03:27.233 [info] > git check-ignore -v -z --stdin [14ms]
2026-07-20 21:03:27.376 [info] > git show --textconv :.codeoss/data/logs/20260720T194917/exthost2/vscode.git/Git.log [29ms]
2026-07-20 21:03:27.383 [info] > git ls-files --stage -- .codeoss/data/logs/20260720T194917/exthost2/vscode.git/Git.log [9ms]
2026-07-20 21:03:27.419 [info] > git cat-file -s bb02753212d02f6ba9ab7c0f836ad33badd7052d [9ms]
2026-07-20 21:03:30.108 [info] > git log --format=%H%n%aN%n%aE%n%at%n%ct%n%P%n%D%n%B -z --shortstat --diff-merges=first-parent -n50 --skip=0 --topo-order --decorate=full --stdin [264ms]
2026-07-20 21:03:30.377 [info] > git check-ignore -v -z --stdin [4ms]
2026-07-20 21:03:45.786 [info] > git ls-tree -l HEAD -- .codeoss/data/logs/20260720T194917/exthost2/vscode.git/Git.log [2ms]
2026-07-20 21:03:46.832 [info] > git push -u origin main [1148ms]
2026-07-20 21:03:46.833 [info] remote: Missing permission "securesourcemanager.instances.access". Please visit https://cloud.google.com/secure-source-manager/docs/access-control for help troubleshooting IAM issues.
fatal: unable to access 'https://main-instance-159147526315-git.us-central1.sourcemanager.dev/source-root-7076/source-root.git/': The requested URL returned error: 403
2026-07-20 21:03:46.863 [info] > git config --get commit.template [15ms]
2026-07-20 21:03:46.864 [info] > git for-each-ref --format=%(refname)%00%(upstream:short)%00%(objectname)%00%(upstream:track)%00%(upstream:remotename)%00%(upstream:remoteref) refs/heads/main refs/remotes/main [3ms]
2026-07-20 21:03:46.892 [info] > git for-each-ref --sort -committerdate --format %(refname)%00%(objectname)%00%(*objectname) [2ms]
2026-07-20 21:03:46.898 [info] > git status -z -uall [21ms]
2026-07-20 21:03:46.944 [info] > git config --get commit.template [5ms]
2026-07-20 21:03:46.962 [info] > git for-each-ref --format=%(refname)%00%(upstream:short)%00%(objectname)%00%(upstream:track)%00%(upstream:remotename)%00%(upstream:remoteref) refs/heads/main refs/remotes/main [2ms]
2026-07-20 21:03:46.997 [info] > git status -z -uall [20ms]
2026-07-20 21:03:46.998 [info] > git for-each-ref --sort -committerdate --format %(refname)%00%(objectname)%00%(*objectname) [5ms]
2026-07-20 21:03:47.494 [info] > git check-ignore -v -z --stdin [2ms]
2026-07-20 21:03:48.061 [info] > git fetch [1145ms]
2026-07-20 21:03:48.062 [info] remote: Missing permission "securesourcemanager.instances.access". Please visit https://cloud.google.com/secure-source-manager/docs/access-control for help troubleshooting IAM issues.
fatal: unable to access 'https://main-instance-159147526315-git.us-central1.sourcemanager.dev/source-root-7076/source-root.git/': The requested URL returned error: 403
2026-07-20 21:03:48.076 [info] > git config --get commit.template [2ms]
2026-07-20 21:03:48.089 [info] > git for-each-ref --format=%(refname)%00%(upstream:short)%00%(objectname)%00%(upstream:track)%00%(upstream:remotename)%00%(upstream:remoteref) refs/heads/main refs/remotes/main [2ms]
2026-07-20 21:03:48.116 [info] > git for-each-ref --sort -committerdate --format %(refname)%00%(objectname)%00%(*objectname) [2ms]
2026-07-20 21:03:48.124 [info] > git status -z -uall [23ms]
2026-07-20 21:03:48.411 [info] > git ls-tree -l HEAD -- .codeoss/data/logs/20260720T194917/exthost2/vscode.git/Git.log [11ms]
2026-07-20 21:03:48.413 [info] > git ls-files --stage -- .codeoss/data/logs/20260720T194917/exthost2/vscode.git/Git.log [3ms]
2026-07-20 21:03:48.425 [info] > git cat-file -s bb02753212d02f6ba9ab7c0f836ad33badd7052d [2ms]
2026-07-20 21:03:48.508 [info] > git show --textconv HEAD:.codeoss/data/logs/20260720T194917/exthost2/vscode.git/Git.log [11ms]
2026-07-20 21:03:48.510 [info] > git show --textconv :.codeoss/data/logs/20260720T194917/exthost2/vscode.git/Git.log [3ms]
2026-07-20 21:03:48.672 [info] > git check-ignore -v -z --stdin [2ms]
2026-07-20 21:03:52.030 [info] > git config --get commit.template [14ms]
2026-07-20 21:03:52.031 [info] > git for-each-ref --format=%(refname)%00%(upstream:short)%00%(objectname)%00%(upstream:track)%00%(upstream:remotename)%00%(upstream:remoteref) refs/heads/main refs/remotes/main [2ms]
2026-07-20 21:03:52.062 [info] > git for-each-ref --sort -committerdate --format %(refname)%00%(objectname)%00%(*objectname) [1ms]
2026-07-20 21:03:52.064 [info] > git status -z -uall [20ms]
2026-07-20 21:03:52.574 [info] > git check-ignore -v -z --stdin [2ms]
2026-07-20 21:04:09.969 [info] > git check-ignore -v -z --stdin [4ms]
2026-07-20 21:04:10.059 [info] > git show --textconv :.codeoss/data/logs/20260720T194917/exthost2/vscode.git/Git.log [10ms]
2026-07-20 21:04:10.060 [info] > git ls-files --stage -- .codeoss/data/logs/20260720T194917/exthost2/vscode.git/Git.log [2ms]
2026-07-20 21:04:10.070 [info] > git cat-file -s bb02753212d02f6ba9ab7c0f836ad33badd7052d [3ms]
2026-07-20 21:05:18.842 [info] > git check-ignore -v -z --stdin [2ms]
2026-07-20 21:10:52.472 [info] > git check-ignore -v -z --stdin [3ms]
2026-07-20 21:17:17.767 [info] > git check-ignore -v -z --stdin [1ms]
2026-07-20 21:21:17.718 [info] > git check-ignore -v -z --stdin [2ms]
2026-07-20 21:21:49.574 [info] > git check-ignore -v -z --stdin [2ms]
