Initializing document watcher...
Document watcher initialized
cleanskiier27/.git/COMMIT_EDITMSG: {"tabSize":4,"indentSize":4,"insertSpaces":true,"cursorStyle":1,"lineNumbers":1}
cleanskiier27/.git/COMMIT_EDITMSG: Using EditorConfig core...
.git/COMMIT_EDITMSG: Target charset is not set
/User/settings.json: Using EditorConfig core...
/User/settings.json: Using EditorConfig core...
/User/settings.json: Target charset is not set
No more open editors.
No more open editors.
No more open editors.
cleanskiier27/.codeoss/data/logs/20260720T194917/exthost2/vscode.git/Git.log: {"tabSize":2,"indentSize":2,"insertSpaces":true,"cursorStyle":1,"lineNumbers":1}
cleanskiier27/.codeoss/data/logs/20260720T194917/exthost2/vscode.git/Git.log: Using EditorConfig core...
.codeoss/data/logs/20260720T194917/exthost2/vscode.git/Git.log: Target charset is not set
cleanskiier27/.codeoss/data/logs/20260720T194917/exthost2/vscode.git/Git.log: {"tabSize":2,"indentSize":2,"insertSpaces":true,"cursorStyle":1,"lineNumbers":1}
vscode.git.Git.log: {"tabSize":4,"indentSize":4,"insertSpaces":true,"cursorStyle":1,"lineNumbers":0}
vscode.git.Git.log: Using EditorConfig core...
vscode.git.Git.log: Target charset is not set
cleanskiier27/.codeoss/data/logs/20260720T194917/exthost2/vscode.git/Git.log: {"tabSize":2,"indentSize":2,"insertSpaces":true,"cursorStyle":1,"lineNumbers":1}
cleanskiier27/.codeoss/data/logs/20260720T194917/exthost2/vscode.git/Git.log: Using EditorConfig core...
.codeoss/data/logs/20260720T194917/exthost2/vscode.git/Git.log: Target charset is not set
cleanskiier27/.codeoss/data/logs/20260720T194917/exthost2/vscode.git/Git.log: {"tabSize":2,"indentSize":2,"insertSpaces":true,"cursorStyle":1,"lineNumbers":1}
vscode.git.Git.log: {"tabSize":4,"indentSize":4,"insertSpaces":true,"cursorStyle":1,"lineNumbers":0}
vscode.git.Git.log: Using EditorConfig core...
vscode.git.Git.log: Target charset is not set
